127.0.0.1 - - [21/Aug/2017:13:57:07 +0900] "GET / HTTP/1.1" 404 994
0:0:0:0:0:0:0:1 - - [21/Aug/2017:13:57:08 +0900] "GET /Project08_21/calculator.html HTTP/1.1" 200 433
0:0:0:0:0:0:0:1 - - [21/Aug/2017:13:57:09 +0900] "GET /favicon.ico HTTP/1.1" 404 1016
0:0:0:0:0:0:0:1 - - [21/Aug/2017:13:57:29 +0900] "GET /Project08_21/calculator.html HTTP/1.1" 200 441
0:0:0:0:0:0:0:1 - - [21/Aug/2017:13:58:02 +0900] "GET /Project08_21/calculator.html HTTP/1.1" 200 483
0:0:0:0:0:0:0:1 - - [21/Aug/2017:13:59:18 +0900] "GET /Project08_21/calculator.html HTTP/1.1" 200 565
0:0:0:0:0:0:0:1 - - [21/Aug/2017:14:00:22 +0900] "GET /Project08_21/calculator.html HTTP/1.1" 200 575
0:0:0:0:0:0:0:1 - - [21/Aug/2017:14:01:18 +0900] "GET /Project08_21/calculator.html HTTP/1.1" 200 595
0:0:0:0:0:0:0:1 - - [21/Aug/2017:14:12:10 +0900] "GET /Project08_21/Calculator HTTP/1.1" 200 -
0:0:0:0:0:0:0:1 - - [21/Aug/2017:14:12:47 +0900] "GET /Project08_21/Calculator HTTP/1.1" 200 -
127.0.0.1 - - [21/Aug/2017:14:13:31 +0900] "GET / HTTP/1.1" 404 994
0:0:0:0:0:0:0:1 - - [21/Aug/2017:14:13:31 +0900] "GET /Project08_21/Calculator HTTP/1.1" 200 24
0:0:0:0:0:0:0:1 - - [21/Aug/2017:14:13:44 +0900] "GET /Project08_21/calculator.html HTTP/1.1" 200 513
0:0:0:0:0:0:0:1 - - [21/Aug/2017:14:13:46 +0900] "POST /Project08_21/Calculator HTTP/1.1" 200 24
127.0.0.1 - - [21/Aug/2017:14:25:38 +0900] "GET / HTTP/1.1" 404 994
0:0:0:0:0:0:0:1 - - [21/Aug/2017:14:25:39 +0900] "GET /Project08_21/calculator.html HTTP/1.1" 304 -
0:0:0:0:0:0:0:1 - - [21/Aug/2017:14:25:41 +0900] "POST /Project08_21/Calculator HTTP/1.1" 200 13
127.0.0.1 - - [21/Aug/2017:14:27:11 +0900] "GET / HTTP/1.1" 404 994
0:0:0:0:0:0:0:1 - - [21/Aug/2017:14:27:12 +0900] "GET /Project08_21/calculator.html HTTP/1.1" 200 514
0:0:0:0:0:0:0:1 - - [21/Aug/2017:14:27:16 +0900] "POST /Project08_21/Calculator HTTP/1.1" 200 15
127.0.0.1 - - [21/Aug/2017:14:28:42 +0900] "GET / HTTP/1.1" 404 994
0:0:0:0:0:0:0:1 - - [21/Aug/2017:14:28:42 +0900] "GET /Project08_21/calculator.html HTTP/1.1" 200 506
0:0:0:0:0:0:0:1 - - [21/Aug/2017:14:28:56 +0900] "POST /Project08_21/CS HTTP/1.1" 200 15
127.0.0.1 - - [21/Aug/2017:14:29:37 +0900] "GET / HTTP/1.1" 404 994
0:0:0:0:0:0:0:1 - - [21/Aug/2017:14:29:38 +0900] "GET /Project08_21/CS HTTP/1.1" 500 1615
127.0.0.1 - - [21/Aug/2017:15:40:58 +0900] "GET / HTTP/1.1" 404 994
0:0:0:0:0:0:0:1 - - [21/Aug/2017:15:40:59 +0900] "GET /web0821/servlet/spms.servlets.MemberListServlet HTTP/1.1" 404 1088
0:0:0:0:0:0:0:1 - - [21/Aug/2017:15:41:28 +0900] "GET /web0821/servlet/spms.servlets.MemberListServlet HTTP/1.1" 404 1088
127.0.0.1 - - [21/Aug/2017:15:42:15 +0900] "GET / HTTP/1.1" 404 994
0:0:0:0:0:0:0:1 - - [21/Aug/2017:15:42:16 +0900] "GET /web0821/member/list HTTP/1.1" 200 293
127.0.0.1 - - [21/Aug/2017:15:42:44 +0900] "GET / HTTP/1.1" 404 994
0:0:0:0:0:0:0:1 - - [21/Aug/2017:15:42:45 +0900] "GET /web0821/servlet/spms.servlets.MemberListServlet HTTP/1.1" 404 1088
127.0.0.1 - - [21/Aug/2017:15:42:57 +0900] "GET / HTTP/1.1" 404 994
0:0:0:0:0:0:0:1 - - [21/Aug/2017:15:42:58 +0900] "GET /web0821/member/list HTTP/1.1" 200 293
127.0.0.1 - - [21/Aug/2017:16:07:33 +0900] "GET / HTTP/1.1" 404 994
127.0.0.1 - - [21/Aug/2017:16:12:01 +0900] "GET / HTTP/1.1" 404 994
127.0.0.1 - - [21/Aug/2017:16:13:12 +0900] "GET / HTTP/1.1" 404 994
0:0:0:0:0:0:0:1 - - [21/Aug/2017:16:13:28 +0900] "GET /web0821/member/list HTTP/1.1" 200 293
127.0.0.1 - - [21/Aug/2017:16:16:58 +0900] "GET / HTTP/1.1" 404 994
0:0:0:0:0:0:0:1 - - [21/Aug/2017:16:16:58 +0900] "GET /web0821/MemberAddServlet HTTP/1.1" 200 342
0:0:0:0:0:0:0:1 - - [21/Aug/2017:16:18:09 +0900] "GET /web0821/MemberAddServlet HTTP/1.1" 200 342
127.0.0.1 - - [21/Aug/2017:16:18:29 +0900] "GET / HTTP/1.1" 404 994
0:0:0:0:0:0:0:1 - - [21/Aug/2017:16:18:29 +0900] "GET /web0821/MemberAddServlet HTTP/1.1" 200 361
127.0.0.1 - - [21/Aug/2017:16:18:40 +0900] "GET / HTTP/1.1" 404 994
0:0:0:0:0:0:0:1 - - [21/Aug/2017:16:18:41 +0900] "GET /web0821/MemberAddServlet HTTP/1.1" 200 342
127.0.0.1 - - [21/Aug/2017:16:18:54 +0900] "GET / HTTP/1.1" 404 994
0:0:0:0:0:0:0:1 - - [21/Aug/2017:16:18:54 +0900] "GET /web0821/MemberAddServlet HTTP/1.1" 200 361
127.0.0.1 - - [21/Aug/2017:16:35:29 +0900] "GET / HTTP/1.1" 404 994
0:0:0:0:0:0:0:1 - - [21/Aug/2017:16:35:30 +0900] "GET /web0821/MemberAddServlet HTTP/1.1" 200 361
0:0:0:0:0:0:0:1 - - [21/Aug/2017:16:35:33 +0900] "POST /web0821/add HTTP/1.1" 404 1016
127.0.0.1 - - [21/Aug/2017:16:35:44 +0900] "GET / HTTP/1.1" 404 994
0:0:0:0:0:0:0:1 - - [21/Aug/2017:16:35:45 +0900] "GET /web0821/add HTTP/1.1" 200 361
0:0:0:0:0:0:0:1 - - [21/Aug/2017:16:35:47 +0900] "POST /web0821/add HTTP/1.1" 405 1110
127.0.0.1 - - [21/Aug/2017:16:38:41 +0900] "GET / HTTP/1.1" 404 994
0:0:0:0:0:0:0:1 - - [21/Aug/2017:16:38:42 +0900] "GET /web0821/member/list HTTP/1.1" 200 293
127.0.0.1 - - [21/Aug/2017:16:39:35 +0900] "GET / HTTP/1.1" 404 994
0:0:0:0:0:0:0:1 - - [21/Aug/2017:16:39:36 +0900] "GET /web0821/member/list HTTP/1.1" 200 331
0:0:0:0:0:0:0:1 - - [21/Aug/2017:16:39:38 +0900] "GET /web0821/member/add HTTP/1.1" 404 1030
127.0.0.1 - - [21/Aug/2017:16:43:58 +0900] "GET / HTTP/1.1" 404 994
0:0:0:0:0:0:0:1 - - [21/Aug/2017:16:43:58 +0900] "GET /web0821/add HTTP/1.1" 200 361
0:0:0:0:0:0:0:1 - - [21/Aug/2017:16:44:09 +0900] "GET /web0821/member/list HTTP/1.1" 200 331
0:0:0:0:0:0:0:1 - - [21/Aug/2017:16:44:10 +0900] "GET /favicon.ico HTTP/1.1" 404 1016
0:0:0:0:0:0:0:1 - - [21/Aug/2017:16:44:13 +0900] "GET /web0821/member/add HTTP/1.1" 404 1030
127.0.0.1 - - [21/Aug/2017:16:46:22 +0900] "GET / HTTP/1.1" 404 994
0:0:0:0:0:0:0:1 - - [21/Aug/2017:16:46:23 +0900] "GET /web0821/member/list HTTP/1.1" 200 331
0:0:0:0:0:0:0:1 - - [21/Aug/2017:16:46:24 +0900] "GET /web0821/member/add HTTP/1.1" 200 361
0:0:0:0:0:0:0:1 - - [21/Aug/2017:16:46:28 +0900] "POST /web0821/member/add HTTP/1.1" 405 1110
127.0.0.1 - - [21/Aug/2017:16:50:22 +0900] "GET / HTTP/1.1" 404 994
0:0:0:0:0:0:0:1 - - [21/Aug/2017:16:50:23 +0900] "GET /web0821/member/list HTTP/1.1" 200 331
0:0:0:0:0:0:0:1 - - [21/Aug/2017:16:50:25 +0900] "GET /web0821/member/add HTTP/1.1" 200 361
0:0:0:0:0:0:0:1 - - [21/Aug/2017:16:50:31 +0900] "POST /web0821/member/add HTTP/1.1" 200 110
0:0:0:0:0:0:0:1 - - [21/Aug/2017:16:50:39 +0900] "GET /web0821/member/list HTTP/1.1" 200 385
127.0.0.1 - - [21/Aug/2017:16:54:02 +0900] "GET / HTTP/1.1" 404 994
0:0:0:0:0:0:0:1 - - [21/Aug/2017:16:54:04 +0900] "GET /web0821/member/list HTTP/1.1" 200 385
0:0:0:0:0:0:0:1 - - [21/Aug/2017:16:54:05 +0900] "GET /web0821/member/add HTTP/1.1" 200 361
0:0:0:0:0:0:0:1 - - [21/Aug/2017:16:54:16 +0900] "POST /web0821/member/add HTTP/1.1" 500 3510
0:0:0:0:0:0:0:1 - - [21/Aug/2017:16:54:27 +0900] "POST /web0821/member/add HTTP/1.1" 200 110
0:0:0:0:0:0:0:1 - - [21/Aug/2017:16:54:34 +0900] "GET /web0821/member/list HTTP/1.1" 200 441
127.0.0.1 - - [21/Aug/2017:17:01:41 +0900] "GET / HTTP/1.1" 404 994
0:0:0:0:0:0:0:1 - - [21/Aug/2017:17:01:42 +0900] "GET /web0821/member/list HTTP/1.1" 200 441
0:0:0:0:0:0:0:1 - - [21/Aug/2017:17:01:44 +0900] "GET /web0821/member/add HTTP/1.1" 200 361
0:0:0:0:0:0:0:1 - - [21/Aug/2017:17:01:54 +0900] "POST /web0821/member/add HTTP/1.1" 200 110
0:0:0:0:0:0:0:1 - - [21/Aug/2017:17:01:57 +0900] "GET /web0821/member/list HTTP/1.1" 200 473
127.0.0.1 - - [21/Aug/2017:17:13:28 +0900] "GET / HTTP/1.1" 404 994
0:0:0:0:0:0:0:1 - - [21/Aug/2017:17:13:29 +0900] "GET /web0821/member/list HTTP/1.1" 200 649
127.0.0.1 - - [21/Aug/2017:17:14:49 +0900] "GET / HTTP/1.1" 404 994
0:0:0:0:0:0:0:1 - - [21/Aug/2017:17:14:50 +0900] "GET /web0821/member/list HTTP/1.1" 200 681
0:0:0:0:0:0:0:1 - - [21/Aug/2017:17:14:56 +0900] "GET /web0821/member/update?no=1 HTTP/1.1" 404 1036
0:0:0:0:0:0:0:1 - - [21/Aug/2017:17:14:59 +0900] "GET /web0821/member/update?no=2 HTTP/1.1" 404 1036
0:0:0:0:0:0:0:1 - - [21/Aug/2017:17:15:01 +0900] "GET /web0821/member/add HTTP/1.1" 200 361
